---
source: tests/cli.rs
assertion_line: 480
expression: "stdout_of(docgrep(dir.path()).args([\"--color\", \"never\", \"サーバ\",\n\"見出し.docx\"]))"
---
■ 見出し.docx  6件  (ページ: 明示改ページのみ・参考値)
  p.1+  (冒頭)
        サーバ構成資料
  p.1+  2.1.1 システム構成
        本システムではWebサーバとアプリケーションサーバを分離する。
  p.1+  2.1.1 システム構成  [表1 1行1列]
        サーバ名
  p.1+  2.2 とても長い見出しの例としてサーバの…
        とても長い見出しの例としてサーバの冗長化と障害時の切り替え手順について
  p.1+  2.2 とても長い見出しの例としてサーバの…
        待機系サーバへ切り替える。
