---
source: tests/cli.rs
expression: "stdout_of(docgrep(dir.path()).args([\"--color\", \"never\", \"サーバ\",\n\"全部.docx\"]))"
---
■ 全部.docx  11件  (ページ: 明示改ページのみ・参考値)
  p.1+  (冒頭)  [目次]
        1 サーバ構成 1
  p.1+  サーバ構成
        サーバ構成
  p.1+  サーバ構成
        本文のサーバ
  p.1+  サーバ構成  [表1 1行1列]
        表のサーバ
  p.1+  サーバ構成  [テキストボックス]
        箱のサーバ
  p.1+  サーバ構成  [脚注3]
        脚注のサーバ
  --    [脚注5]
        参照のないサーバ
  --    [文末脚注1]
        文末のサーバ
  p.1+  サーバ構成  [コメント: 山田]
        コメントのサーバ
  --    [ヘッダー]
        ヘッダーのサーバ
  --    [フッター]
        フッターのサーバ
