---
source: tests/cli.rs
assertion_line: 520
expression: "stdout_of(docgrep(dir.path()).args([\"--color\", \"never\", \"-C\", \"2\",\n\"サーバ\", \"仕様書.docx\", \"写し.docx\"]))"
---
■ 仕様書.docx  5件  (ページ: 明示改ページのみ・参考値)
  p.1+  (冒頭)
        …ebサーバとア…
  p.1+  (冒頭)
        …ョンサーバを分…
  p.1+  (冒頭)
        サーバー室…
  p.1+  (冒頭)  [表1 1行2列]
        サーバ名↵…
  p.1+  (冒頭)  [テキストボックス]
        サーバ 構…

■ 写し.docx  5件  (ページ: 明示改ページのみ・参考値)
  p.1+  (冒頭)
        …ebサーバとア…
  p.1+  (冒頭)
        …ョンサーバを分…
  p.1+  (冒頭)
        サーバー室…
  p.1+  (冒頭)  [表1 1行2列]
        サーバ名↵…
  p.1+  (冒頭)  [テキストボックス]
        サーバ 構…
