---
source: tests/cli.rs
expression: "stdout_of(docgrep(dir.path()).args([\"--color\", \"never\", \"-C\", \"2\",\n\"サーバ\", \"仕様書.docx\", \"写し.docx\"]))"
---
■ 仕様書.docx  5件
  --    (冒頭)
        …ebサーバとア…
  --    (冒頭)
        …ョンサーバを分…
  --    (冒頭)
        サーバー室…
  --    (冒頭)  [表1 1行2列]
        サーバ名↵…
  --    (冒頭)  [テキストボックス]
        サーバ 構…

■ 写し.docx  5件
  --    (冒頭)
        …ebサーバとア…
  --    (冒頭)
        …ョンサーバを分…
  --    (冒頭)
        サーバー室…
  --    (冒頭)  [表1 1行2列]
        サーバ名↵…
  --    (冒頭)  [テキストボックス]
        サーバ 構…
