---
source: tests/cli.rs
expression: "stdout_of(docgrep(dir.path()).args([\"--color\", \"always\", \"サーバ\",\n\"仕様書.docx\"]))"
---
[1m■ 仕様書.docx[0m  [2m5件[0m
  [2m--[0m    [2m(冒頭)[0m
        本システムではWeb[1m[37m[41mサーバ[0mとアプリケーション[1m[37m[41mサーバ[0mを分離し、負荷分散装置の配下に置く構成とする。
  [2m--[0m    [2m(冒頭)[0m
        [1m[37m[41mサーバ[0mー室の入室手順
  [2m--[0m    [2m(冒頭)[0m  [35m[表1 1行2列][0m
        [1m[37m[41mサーバ[0m名[2m↵[0m役割
  [2m--[0m    [2m(冒頭)[0m  [35m[テキストボックス][0m
        [1m[37m[41mサーバ[0m 構成図
