---
source: tests/cli.rs
expression: "stdout_of(docgrep(dir.path()).args([\"--color\", \"always\", \"サーバ\",\n\"見出し.docx\"]))"
---
[1m■ 見出し.docx[0m  [2m6件[0m
  [2m--[0m    [2m(冒頭)[0m
        [1m[37m[41mサーバ[0m構成資料
  [2m--[0m    [36m2.1.1 システム構成[0m
        本システムではWeb[1m[37m[41mサーバ[0mとアプリケーション[1m[37m[41mサーバ[0mを分離する。
  [2m--[0m    [36m2.1.1 システム構成[0m  [35m[表1 1行1列][0m
        [1m[37m[41mサーバ[0m名
  [2m--[0m    [36m2.2 とても長い見出しの例としてサーバの…[0m
        とても長い見出しの例として[1m[37m[41mサーバ[0mの冗長化と障害時の切り替え手順について
  [2m--[0m    [36m2.2 とても長い見出しの例としてサーバの…[0m
        待機系[1m[37m[41mサーバ[0mへ切り替える。
