---
source: tests/cli.rs
expression: "stdout_of(docgrep(dir.path()).args([\"--color\", \"never\", \"サーバ\",\n\"仕様書.docx\"]))"
---
■ 仕様書.docx  5件
  --    (冒頭)
        本システムではWebサーバとアプリケーションサーバを分離し、負荷分散装置の配下に置く構成とする。
  --    (冒頭)
        サーバー室の入室手順
  --    (冒頭)  [表1 1行2列]
        サーバ名↵役割
  --    (冒頭)  [テキストボックス]
        サーバ 構成図
